error: enums without any variants are not supported
 --> $DIR/empty_enum.rs:3:5
  |
3 |     enum A {}
  |     ^^^^^^^^^
